Archive member included to satisfy reference by file (symbol)

c:/st/stm32cubeide_1.0.0/stm32cubeide/plugins/com.st.stm32cube.ide.mcu.externaltools.gnu-tools-for-stm32.7-2018-q2-update.win32_1.0.0.201904181610/tools/bin/../lib/gcc/arm-none-eabi/7.3.1/../../../../arm-none-eabi/lib/thumb/v7-m\libc_nano.a(lib_a-errno.o)
                              Src/syscalls.o (__errno)
c:/st/stm32cubeide_1.0.0/stm32cubeide/plugins/com.st.stm32cube.ide.mcu.externaltools.gnu-tools-for-stm32.7-2018-q2-update.win32_1.0.0.201904181610/tools/bin/../lib/gcc/arm-none-eabi/7.3.1/../../../../arm-none-eabi/lib/thumb/v7-m\libc_nano.a(lib_a-exit.o)
                              c:/st/stm32cubeide_1.0.0/stm32cubeide/plugins/com.st.stm32cube.ide.mcu.externaltools.gnu-tools-for-stm32.7-2018-q2-update.win32_1.0.0.201904181610/tools/bin/../lib/gcc/arm-none-eabi/7.3.1/../../../../arm-none-eabi/lib/thumb/v7-m/crt0.o (exit)
c:/st/stm32cubeide_1.0.0/stm32cubeide/plugins/com.st.stm32cube.ide.mcu.externaltools.gnu-tools-for-stm32.7-2018-q2-update.win32_1.0.0.201904181610/tools/bin/../lib/gcc/arm-none-eabi/7.3.1/../../../../arm-none-eabi/lib/thumb/v7-m\libc_nano.a(lib_a-impure.o)
                              c:/st/stm32cubeide_1.0.0/stm32cubeide/plugins/com.st.stm32cube.ide.mcu.externaltools.gnu-tools-for-stm32.7-2018-q2-update.win32_1.0.0.201904181610/tools/bin/../lib/gcc/arm-none-eabi/7.3.1/../../../../arm-none-eabi/lib/thumb/v7-m\libc_nano.a(lib_a-exit.o) (_global_impure_ptr)
c:/st/stm32cubeide_1.0.0/stm32cubeide/plugins/com.st.stm32cube.ide.mcu.externaltools.gnu-tools-for-stm32.7-2018-q2-update.win32_1.0.0.201904181610/tools/bin/../lib/gcc/arm-none-eabi/7.3.1/../../../../arm-none-eabi/lib/thumb/v7-m\libc_nano.a(lib_a-init.o)
                              c:/st/stm32cubeide_1.0.0/stm32cubeide/plugins/com.st.stm32cube.ide.mcu.externaltools.gnu-tools-for-stm32.7-2018-q2-update.win32_1.0.0.201904181610/tools/bin/../lib/gcc/arm-none-eabi/7.3.1/../../../../arm-none-eabi/lib/thumb/v7-m/crt0.o (__libc_init_array)
c:/st/stm32cubeide_1.0.0/stm32cubeide/plugins/com.st.stm32cube.ide.mcu.externaltools.gnu-tools-for-stm32.7-2018-q2-update.win32_1.0.0.201904181610/tools/bin/../lib/gcc/arm-none-eabi/7.3.1/../../../../arm-none-eabi/lib/thumb/v7-m\libc_nano.a(lib_a-memset.o)
                              c:/st/stm32cubeide_1.0.0/stm32cubeide/plugins/com.st.stm32cube.ide.mcu.externaltools.gnu-tools-for-stm32.7-2018-q2-update.win32_1.0.0.201904181610/tools/bin/../lib/gcc/arm-none-eabi/7.3.1/../../../../arm-none-eabi/lib/thumb/v7-m/crt0.o (memset)

Allocating common symbols
Common symbol       size              file

hi2c1               0x54              Core/Src/main.o
uwTick              0x4               Drivers/STM32F1xx_HAL_Driver/Src/stm32f1xx_hal.o
pFlash              0x20              Drivers/STM32F1xx_HAL_Driver/Src/stm32f1xx_hal_flash.o
huart2              0x40              Core/Src/main.o

Discarded input sections

 .text          0x0000000000000000        0x0 c:/st/stm32cubeide_1.0.0/stm32cubeide/plugins/com.st.stm32cube.ide.mcu.externaltools.gnu-tools-for-stm32.7-2018-q2-update.win32_1.0.0.201904181610/tools/bin/../lib/gcc/arm-none-eabi/7.3.1/thumb/v7-m/crti.o
 .data          0x0000000000000000        0x0 c:/st/stm32cubeide_1.0.0/stm32cubeide/plugins/com.st.stm32cube.ide.mcu.externaltools.gnu-tools-for-stm32.7-2018-q2-update.win32_1.0.0.201904181610/tools/bin/../lib/gcc/arm-none-eabi/7.3.1/thumb/v7-m/crti.o
 .bss           0x0000000000000000        0x0 c:/st/stm32cubeide_1.0.0/stm32cubeide/plugins/com.st.stm32cube.ide.mcu.externaltools.gnu-tools-for-stm32.7-2018-q2-update.win32_1.0.0.201904181610/tools/bin/../lib/gcc/arm-none-eabi/7.3.1/thumb/v7-m/crti.o
 .data          0x0000000000000000        0x4 c:/st/stm32cubeide_1.0.0/stm32cubeide/plugins/com.st.stm32cube.ide.mcu.externaltools.gnu-tools-for-stm32.7-2018-q2-update.win32_1.0.0.201904181610/tools/bin/../lib/gcc/arm-none-eabi/7.3.1/thumb/v7-m/crtbegin.o
 .text          0x0000000000000000       0x74 c:/st/stm32cubeide_1.0.0/stm32cubeide/plugins/com.st.stm32cube.ide.mcu.externaltools.gnu-tools-for-stm32.7-2018-q2-update.win32_1.0.0.201904181610/tools/bin/../lib/gcc/arm-none-eabi/7.3.1/../../../../arm-none-eabi/lib/thumb/v7-m/crt0.o
 .data          0x0000000000000000        0x0 c:/st/stm32cubeide_1.0.0/stm32cubeide/plugins/com.st.stm32cube.ide.mcu.externaltools.gnu-tools-for-stm32.7-2018-q2-update.win32_1.0.0.201904181610/tools/bin/../lib/gcc/arm-none-eabi/7.3.1/../../../../arm-none-eabi/lib/thumb/v7-m/crt0.o
 .bss           0x0000000000000000        0x0 c:/st/stm32cubeide_1.0.0/stm32cubeide/plugins/com.st.stm32cube.ide.mcu.externaltools.gnu-tools-for-stm32.7-2018-q2-update.win32_1.0.0.201904181610/tools/bin/../lib/gcc/arm-none-eabi/7.3.1/../../../../arm-none-eabi/lib/thumb/v7-m/crt0.o
[...]
Memory Configuration

Name             Origin             Length             Attributes
FLASH            0x0000000008000000 0x0000000000020000 xr
RAM              0x0000000020000000 0x0000000000005000 xrw
*default*        0x0000000000000000 0xffffffffffffffff

Linker script and memory map

LOAD c:/st/stm32cubeide_1.0.0/stm32cubeide/plugins/com.st.stm32cube.ide.mcu.externaltools.gnu-tools-for-stm32.7-2018-q2-update.win32_1.0.0.201904181610/tools/bin/../lib/gcc/arm-none-eabi/7.3.1/thumb/v7-m/crti.o
LOAD c:/st/stm32cubeide_1.0.0/stm32cubeide/plugins/com.st.stm32cube.ide.mcu.externaltools.gnu-tools-for-stm32.7-2018-q2-update.win32_1.0.0.201904181610/tools/bin/../lib/gcc/arm-none-eabi/7.3.1/thumb/v7-m/crtbegin.o
LOAD c:/st/stm32cubeide_1.0.0/stm32cubeide/plugins/com.st.stm32cube.ide.mcu.externaltools.gnu-tools-for-stm32.7-2018-q2-update.win32_1.0.0.201904181610/tools/bin/../lib/gcc/arm-none-eabi/7.3.1/../../../../arm-none-eabi/lib/thumb/v7-m/crt0.o
LOAD Core/Src/TSL2561.o
LOAD Core/Src/main.o
LOAD Core/Src/stm32f1xx_hal_msp.o
LOAD Core/Src/stm32f1xx_it.o
LOAD Core/Src/system_stm32f1xx.o
LOAD Drivers/STM32F1xx_HAL_Driver/Src/stm32f1xx_hal.o
LOAD Drivers/STM32F1xx_HAL_Driver/Src/stm32f1xx_hal_cortex.o
LOAD Drivers/STM32F1xx_HAL_Driver/Src/stm32f1xx_hal_dma.o
LOAD Drivers/STM32F1xx_HAL_Driver/Src/stm32f1xx_hal_flash.o
LOAD Drivers/STM32F1xx_HAL_Driver/Src/stm32f1xx_hal_flash_ex.o
LOAD Drivers/STM32F1xx_HAL_Driver/Src/stm32f1xx_hal_gpio.o
LOAD Drivers/STM32F1xx_HAL_Driver/Src/stm32f1xx_hal_gpio_ex.o
LOAD Drivers/STM32F1xx_HAL_Driver/Src/stm32f1xx_hal_i2c.o
LOAD Drivers/STM32F1xx_HAL_Driver/Src/stm32f1xx_hal_pwr.o
LOAD Drivers/STM32F1xx_HAL_Driver/Src/stm32f1xx_hal_rcc.o
LOAD Drivers/STM32F1xx_HAL_Driver/Src/stm32f1xx_hal_rcc_ex.o
LOAD Drivers/STM32F1xx_HAL_Driver/Src/stm32f1xx_hal_tim.o
LOAD Drivers/STM32F1xx_HAL_Driver/Src/stm32f1xx_hal_tim_ex.o
LOAD Drivers/STM32F1xx_HAL_Driver/Src/stm32f1xx_hal_uart.o
LOAD Src/syscalls.o
LOAD Src/sysmem.o
LOAD Startup/startup_stm32f103rbtx.o
START GROUP
LOAD c:/st/stm32cubeide_1.0.0/stm32cubeide/plugins/com.st.stm32cube.ide.mcu.externaltools.gnu-tools-for-stm32.7-2018-q2-update.win32_1.0.0.201904181610/tools/bin/../lib/gcc/arm-none-eabi/7.3.1/../../../../arm-none-eabi/lib/thumb/v7-m\libc_nano.a
LOAD c:/st/stm32cubeide_1.0.0/stm32cubeide/plugins/com.st.stm32cube.ide.mcu.externaltools.gnu-tools-for-stm32.7-2018-q2-update.win32_1.0.0.201904181610/tools/bin/../lib/gcc/arm-none-eabi/7.3.1/../../../../arm-none-eabi/lib/thumb/v7-m\libm.a
END GROUP
START GROUP
LOAD c:/st/stm32cubeide_1.0.0/stm32cubeide/plugins/com.st.stm32cube.ide.mcu.externaltools.gnu-tools-for-stm32.7-2018-q2-update.win32_1.0.0.201904181610/tools/bin/../lib/gcc/arm-none-eabi/7.3.1/thumb/v7-m\libgcc.a
LOAD c:/st/stm32cubeide_1.0.0/stm32cubeide/plugins/com.st.stm32cube.ide.mcu.externaltools.gnu-tools-for-stm32.7-2018-q2-update.win32_1.0.0.201904181610/tools/bin/../lib/gcc/arm-none-eabi/7.3.1/../../../../arm-none-eabi/lib/thumb/v7-m\libc_nano.a
END GROUP
START GROUP
LOAD c:/st/stm32cubeide_1.0.0/stm32cubeide/plugins/com.st.stm32cube.ide.mcu.externaltools.gnu-tools-for-stm32.7-2018-q2-update.win32_1.0.0.201904181610/tools/bin/../lib/gcc/arm-none-eabi/7.3.1/thumb/v7-m\libgcc.a
LOAD c:/st/stm32cubeide_1.0.0/stm32cubeide/plugins/com.st.stm32cube.ide.mcu.externaltools.gnu-tools-for-stm32.7-2018-q2-update.win32_1.0.0.201904181610/tools/bin/../lib/gcc/arm-none-eabi/7.3.1/../../../../arm-none-eabi/lib/thumb/v7-m\libc_nano.a
LOAD c:/st/stm32cubeide_1.0.0/stm32cubeide/plugins/com.st.stm32cube.ide.mcu.externaltools.gnu-tools-for-stm32.7-2018-q2-update.win32_1.0.0.201904181610/tools/bin/../lib/gcc/arm-none-eabi/7.3.1/../../../../arm-none-eabi/lib/thumb/v7-m\libnosys.a
END GROUP
START GROUP
LOAD c:/st/stm32cubeide_1.0.0/stm32cubeide/plugins/com.st.stm32cube.ide.mcu.externaltools.gnu-tools-for-stm32.7-2018-q2-update.win32_1.0.0.201904181610/tools/bin/../lib/gcc/arm-none-eabi/7.3.1/thumb/v7-m\libgcc.a
LOAD c:/st/stm32cubeide_1.0.0/stm32cubeide/plugins/com.st.stm32cube.ide.mcu.externaltools.gnu-tools-for-stm32.7-2018-q2-update.win32_1.0.0.201904181610/tools/bin/../lib/gcc/arm-none-eabi/7.3.1/../../../../arm-none-eabi/lib/thumb/v7-m\libc_nano.a
LOAD c:/st/stm32cubeide_1.0.0/stm32cubeide/plugins/com.st.stm32cube.ide.mcu.externaltools.gnu-tools-for-stm32.7-2018-q2-update.win32_1.0.0.201904181610/tools/bin/../lib/gcc/arm-none-eabi/7.3.1/../../../../arm-none-eabi/lib/thumb/v7-m\libnosys.a
END GROUP
LOAD c:/st/stm32cubeide_1.0.0/stm32cubeide/plugins/com.st.stm32cube.ide.mcu.externaltools.gnu-tools-for-stm32.7-2018-q2-update.win32_1.0.0.201904181610/tools/bin/../lib/gcc/arm-none-eabi/7.3.1/thumb/v7-m/crtend.o
LOAD c:/st/stm32cubeide_1.0.0/stm32cubeide/plugins/com.st.stm32cube.ide.mcu.externaltools.gnu-tools-for-stm32.7-2018-q2-update.win32_1.0.0.201904181610/tools/bin/../lib/gcc/arm-none-eabi/7.3.1/thumb/v7-m/crtn.o
                0x0000000020004fff                _estack = 0x20004fff
                0x0000000000000200                _Min_Heap_Size = 0x200
                0x0000000000000400                _Min_Stack_Size = 0x400

.isr_vector     0x0000000008000000      0x10c
                0x0000000008000000                . = ALIGN (0x4)
 *(.isr_vector)
 .isr_vector    0x0000000008000000      0x10c Startup/startup_stm32f103rbtx.o
                0x0000000008000000                g_pfnVectors
                0x000000000800010c                . = ALIGN (0x4)

.text           0x000000000800010c     0x25d0
                0x000000000800010c                . = ALIGN (0x4)
 *(.text)
 .text          0x000000000800010c       0x40 c:/st/stm32cubeide_1.0.0/stm32cubeide/plugins/com.st.stm32cube.ide.mcu.externaltools.gnu-tools-for-stm32.7-2018-q2-update.win32_1.0.0.201904181610/tools/bin/../lib/gcc/arm-none-eabi/7.3.1/thumb/v7-m/crtbegin.o
 *(.text*)
 .text.TSL2561_init
                0x000000000800014c       0xdc Core/Src/TSL2561.o
                0x000000000800014c                TSL2561_init
 .text.main     0x0000000008000228       0x1e Core/Src/main.o
                0x0000000008000228                main
 .text.SystemClock_Config
                0x0000000008000246       0x82 Core/Src/main.o
                0x0000000008000246                SystemClock_Config
 .text.MX_I2C1_Init
                0x00000000080002c8       0x5c Core/Src/main.o
 .text.MX_USART2_UART_Init
                0x0000000008000324       0x54 Core/Src/main.o
 .text.MX_GPIO_Init
                0x0000000008000378       0xdc Core/Src/main.o
 .text.Error_Handler
                0x0000000008000454        0xc Core/Src/main.o
                0x0000000008000454                Error_Handler
 .text.HAL_MspInit
                0x0000000008000460       0x64 Core/Src/stm32f1xx_hal_msp.o
                0x0000000008000460                HAL_MspInit
 .text.HAL_I2C_MspInit
                0x00000000080004c4       0x7c Core/Src/stm32f1xx_hal_msp.o
                0x00000000080004c4                HAL_I2C_MspInit
 .text.HAL_UART_MspInit
                0x0000000008000540       0x7c Core/Src/stm32f1xx_hal_msp.o
                0x0000000008000540                HAL_UART_MspInit
 .text.NMI_Handler
                0x00000000080005bc        0xc Core/Src/stm32f1xx_it.o
                0x00000000080005bc                NMI_Handler
 .text.HardFault_Handler
                0x00000000080005c8        0x6 Core/Src/stm32f1xx_it.o
                0x00000000080005c8                HardFault_Handler
 .text.MemManage_Handler
                0x00000000080005ce        0x6 Core/Src/stm32f1xx_it.o
                0x00000000080005ce                MemManage_Handler
 .text.BusFault_Handler
                0x00000000080005d4        0x6 Core/Src/stm32f1xx_it.o
                0x00000000080005d4                BusFault_Handler
 .text.UsageFault_Handler
                0x00000000080005da        0x6 Core/Src/stm32f1xx_it.o
                0x00000000080005da                UsageFault_Handler
 .text.SVC_Handler
                0x00000000080005e0        0xc Core/Src/stm32f1xx_it.o
                0x00000000080005e0                SVC_Handler
 .text.DebugMon_Handler
                0x00000000080005ec        0xc Core/Src/stm32f1xx_it.o
                0x00000000080005ec                DebugMon_Handler
 .text.PendSV_Handler
                0x00000000080005f8        0xc Core/Src/stm32f1xx_it.o
                0x00000000080005f8                PendSV_Handler
 .text.SysTick_Handler
                0x0000000008000604        0xc Core/Src/stm32f1xx_it.o
                0x0000000008000604                SysTick_Handler
 .text.EXTI15_10_IRQHandler
                0x0000000008000610       0x10 Core/Src/stm32f1xx_it.o
                0x0000000008000610                EXTI15_10_IRQHandler
 .text.SystemInit
                0x0000000008000620       0x68 Core/Src/system_stm32f1xx.o
                0x0000000008000620                SystemInit
 .text.HAL_Init
                0x0000000008000688       0x2c Drivers/STM32F1xx_HAL_Driver/Src/stm32f1xx_hal.o
                0x0000000008000688                HAL_Init
 .text.HAL_InitTick
                0x00000000080006b4       0x60 Drivers/STM32F1xx_HAL_Driver/Src/stm32f1xx_hal.o
                0x00000000080006b4                HAL_InitTick
 .text.HAL_IncTick
                0x0000000008000714       0x24 Drivers/STM32F1xx_HAL_Driver/Src/stm32f1xx_hal.o
                0x0000000008000714                HAL_IncTick
 .text.HAL_GetTick
                0x0000000008000738       0x14 Drivers/STM32F1xx_HAL_Driver/Src/stm32f1xx_hal.o
                0x0000000008000738                HAL_GetTick
 .text.NVIC_SetPriorityGrouping
                0x000000000800074c       0x48 Drivers/STM32F1xx_HAL_Driver/Src/stm32f1xx_hal_cortex.o
 .text.NVIC_GetPriorityGrouping
                0x0000000008000794       0x1c Drivers/STM32F1xx_HAL_Driver/Src/stm32f1xx_hal_cortex.o
 .text.NVIC_EnableIRQ
                0x00000000080007b0       0x30 Drivers/STM32F1xx_HAL_Driver/Src/stm32f1xx_hal_cortex.o
 .text.NVIC_SetPriority
                0x00000000080007e0       0x54 Drivers/STM32F1xx_HAL_Driver/Src/stm32f1xx_hal_cortex.o
 .text.NVIC_EncodePriority
                0x0000000008000834       0x64 Drivers/STM32F1xx_HAL_Driver/Src/stm32f1xx_hal_cortex.o
 .text.SysTick_Config
                0x0000000008000898       0x44 Drivers/STM32F1xx_HAL_Driver/Src/stm32f1xx_hal_cortex.o
 .text.HAL_NVIC_SetPriorityGrouping
                0x00000000080008dc       0x16 Drivers/STM32F1xx_HAL_Driver/Src/stm32f1xx_hal_cortex.o
                0x00000000080008dc                HAL_NVIC_SetPriorityGrouping
 .text.HAL_NVIC_SetPriority
                0x00000000080008f2       0x38 Drivers/STM32F1xx_HAL_Driver/Src/stm32f1xx_hal_cortex.o
                0x00000000080008f2                HAL_NVIC_SetPriority
 .text.HAL_NVIC_EnableIRQ
                0x000000000800092a       0x1c Drivers/STM32F1xx_HAL_Driver/Src/stm32f1xx_hal_cortex.o
                0x000000000800092a                HAL_NVIC_EnableIRQ
 .text.HAL_SYSTICK_Config
                0x0000000008000946       0x18 Drivers/STM32F1xx_HAL_Driver/Src/stm32f1xx_hal_cortex.o
                0x0000000008000946                HAL_SYSTICK_Config
 *fill*         0x000000000800095e        0x2 
 .text.HAL_GPIO_Init
                0x0000000008000960      0x2bc Drivers/STM32F1xx_HAL_Driver/Src/stm32f1xx_hal_gpio.o
                0x0000000008000960                HAL_GPIO_Init
 .text.HAL_GPIO_WritePin
                0x0000000008000c1c       0x30 Drivers/STM32F1xx_HAL_Driver/Src/stm32f1xx_hal_gpio.o
                0x0000000008000c1c                HAL_GPIO_WritePin
 .text.HAL_GPIO_EXTI_IRQHandler
                0x0000000008000c4c       0x30 Drivers/STM32F1xx_HAL_Driver/Src/stm32f1xx_hal_gpio.o
                0x0000000008000c4c                HAL_GPIO_EXTI_IRQHandler
 .text.HAL_GPIO_EXTI_Callback
                0x0000000008000c7c       0x14 Drivers/STM32F1xx_HAL_Driver/Src/stm32f1xx_hal_gpio.o
                0x0000000008000c7c                HAL_GPIO_EXTI_Callback
 .text.HAL_I2C_Init
                0x0000000008000c90      0x208 Drivers/STM32F1xx_HAL_Driver/Src/stm32f1xx_hal_i2c.o
                0x0000000008000c90                HAL_I2C_Init
 .text.HAL_I2C_Master_Transmit
                0x0000000008000e98      0x21c Drivers/STM32F1xx_HAL_Driver/Src/stm32f1xx_hal_i2c.o
                0x0000000008000e98                HAL_I2C_Master_Transmit
 .text.HAL_I2C_Master_Receive
                0x00000000080010b4      0x474 Drivers/STM32F1xx_HAL_Driver/Src/stm32f1xx_hal_i2c.o
                0x00000000080010b4                HAL_I2C_Master_Receive
 .text.I2C_MasterRequestWrite
                0x0000000008001528      0x104 Drivers/STM32F1xx_HAL_Driver/Src/stm32f1xx_hal_i2c.o
 .text.I2C_MasterRequestRead
                0x000000000800162c      0x190 Drivers/STM32F1xx_HAL_Driver/Src/stm32f1xx_hal_i2c.o
 .text.I2C_WaitOnFlagUntilTimeout
                0x00000000080017bc       0xa2 Drivers/STM32F1xx_HAL_Driver/Src/stm32f1xx_hal_i2c.o
 .text.I2C_WaitOnMasterAddressFlagUntilTimeout
                0x000000000800185e       0xdc Drivers/STM32F1xx_HAL_Driver/Src/stm32f1xx_hal_i2c.o
 .text.I2C_WaitOnTXEFlagUntilTimeout
                0x000000000800193a       0x7a Drivers/STM32F1xx_HAL_Driver/Src/stm32f1xx_hal_i2c.o
 .text.I2C_WaitOnBTFFlagUntilTimeout
                0x00000000080019b4       0x7a Drivers/STM32F1xx_HAL_Driver/Src/stm32f1xx_hal_i2c.o
 .text.I2C_WaitOnRXNEFlagUntilTimeout
                0x0000000008001a2e       0x94 Drivers/STM32F1xx_HAL_Driver/Src/stm32f1xx_hal_i2c.o
 .text.I2C_IsAcknowledgeFailed
                0x0000000008001ac2       0x4e Drivers/STM32F1xx_HAL_Driver/Src/stm32f1xx_hal_i2c.o
 .text.HAL_RCC_OscConfig
                0x0000000008001b10      0x4c8 Drivers/STM32F1xx_HAL_Driver/Src/stm32f1xx_hal_rcc.o
                0x0000000008001b10                HAL_RCC_OscConfig
 .text.HAL_RCC_ClockConfig
                0x0000000008001fd8      0x218 Drivers/STM32F1xx_HAL_Driver/Src/stm32f1xx_hal_rcc.o
                0x0000000008001fd8                HAL_RCC_ClockConfig
 .text.HAL_RCC_GetSysClockFreq
                0x00000000080021f0       0xc4 Drivers/STM32F1xx_HAL_Driver/Src/stm32f1xx_hal_rcc.o
                0x00000000080021f0                HAL_RCC_GetSysClockFreq
 .text.HAL_RCC_GetHCLKFreq
                0x00000000080022b4       0x14 Drivers/STM32F1xx_HAL_Driver/Src/stm32f1xx_hal_rcc.o
                0x00000000080022b4                HAL_RCC_GetHCLKFreq
 .text.HAL_RCC_GetPCLK1Freq
                0x00000000080022c8       0x28 Drivers/STM32F1xx_HAL_Driver/Src/stm32f1xx_hal_rcc.o
                0x00000000080022c8                HAL_RCC_GetPCLK1Freq
 .text.HAL_RCC_GetPCLK2Freq
                0x00000000080022f0       0x28 Drivers/STM32F1xx_HAL_Driver/Src/stm32f1xx_hal_rcc.o
                0x00000000080022f0                HAL_RCC_GetPCLK2Freq
 .text.RCC_Delay
                0x0000000008002318       0x3c Drivers/STM32F1xx_HAL_Driver/Src/stm32f1xx_hal_rcc.o
 .text.HAL_UART_Init
                0x0000000008002354       0x9a Drivers/STM32F1xx_HAL_Driver/Src/stm32f1xx_hal_uart.o
                0x0000000008002354                HAL_UART_Init
 *fill*         0x00000000080023ee        0x2 
 .text.UART_SetConfig
                0x00000000080023f0      0x230 Drivers/STM32F1xx_HAL_Driver/Src/stm32f1xx_hal_uart.o
 .text.Reset_Handler
                0x0000000008002620       0x48 Startup/startup_stm32f103rbtx.o
                0x0000000008002620                Reset_Handler
 .text.Default_Handler
                0x0000000008002668        0x2 Startup/startup_stm32f103rbtx.o
                0x0000000008002668                RTC_Alarm_IRQHandler
                0x0000000008002668                EXTI2_IRQHandler
                0x0000000008002668                TIM1_CC_IRQHandler
                0x0000000008002668                PVD_IRQHandler
                0x0000000008002668                EXTI3_IRQHandler
                0x0000000008002668                EXTI0_IRQHandler
                0x0000000008002668                I2C2_EV_IRQHandler
                0x0000000008002668                ADC1_2_IRQHandler
                0x0000000008002668                SPI1_IRQHandler
                0x0000000008002668                TAMPER_IRQHandler
                0x0000000008002668                DMA1_Channel4_IRQHandler
                0x0000000008002668                USART3_IRQHandler
                0x0000000008002668                RTC_IRQHandler
                0x0000000008002668                DMA1_Channel7_IRQHandler
                0x0000000008002668                CAN1_RX1_IRQHandler
                0x0000000008002668                TIM4_IRQHandler
                0x0000000008002668                I2C1_EV_IRQHandler
                0x0000000008002668                DMA1_Channel6_IRQHandler
                0x0000000008002668                TIM3_IRQHandler
                0x0000000008002668                RCC_IRQHandler
                0x0000000008002668                TIM1_TRG_COM_IRQHandler
                0x0000000008002668                DMA1_Channel1_IRQHandler
                0x0000000008002668                Default_Handler
                0x0000000008002668                EXTI9_5_IRQHandler
                0x0000000008002668                SPI2_IRQHandler
                0x0000000008002668                DMA1_Channel5_IRQHandler
                0x0000000008002668                EXTI4_IRQHandler
                0x0000000008002668                USB_LP_CAN1_RX0_IRQHandler
                0x0000000008002668                USB_HP_CAN1_TX_IRQHandler
                0x0000000008002668                DMA1_Channel3_IRQHandler
                0x0000000008002668                TIM1_UP_IRQHandler
                0x0000000008002668                WWDG_IRQHandler
                0x0000000008002668                TIM2_IRQHandler
                0x0000000008002668                TIM1_BRK_IRQHandler
                0x0000000008002668                EXTI1_IRQHandler
                0x0000000008002668                USART2_IRQHandler
                0x0000000008002668                I2C2_ER_IRQHandler
                0x0000000008002668                DMA1_Channel2_IRQHandler
                0x0000000008002668                CAN1_SCE_IRQHandler
                0x0000000008002668                FLASH_IRQHandler
                0x0000000008002668                USART1_IRQHandler
                0x0000000008002668                I2C1_ER_IRQHandler
                0x0000000008002668                USBWakeUp_IRQHandler
 *fill*         0x000000000800266a        0x2 
 .text.__libc_init_array
                0x000000000800266c       0x48 c:/st/stm32cubeide_1.0.0/stm32cubeide/plugins/com.st.stm32cube.ide.mcu.externaltools.gnu-tools-for-stm32.7-2018-q2-update.win32_1.0.0.201904181610/tools/bin/../lib/gcc/arm-none-eabi/7.3.1/../../../../arm-none-eabi/lib/thumb/v7-m\libc_nano.a(lib_a-init.o)
                0x000000000800266c                __libc_init_array
 .text.memset   0x00000000080026b4       0x10 c:/st/stm32cubeide_1.0.0/stm32cubeide/plugins/com.st.stm32cube.ide.mcu.externaltools.gnu-tools-for-stm32.7-2018-q2-update.win32_1.0.0.201904181610/tools/bin/../lib/gcc/arm-none-eabi/7.3.1/../../../../arm-none-eabi/lib/thumb/v7-m\libc_nano.a(lib_a-memset.o)
                0x00000000080026b4                memset
 *(.glue_7)
 .glue_7        0x00000000080026c4        0x0 linker stubs
 *(.glue_7t)
 .glue_7t       0x00000000080026c4        0x0 linker stubs
 *(.eh_frame)
 .eh_frame      0x00000000080026c4        0x0 c:/st/stm32cubeide_1.0.0/stm32cubeide/plugins/com.st.stm32cube.ide.mcu.externaltools.gnu-tools-for-stm32.7-2018-q2-update.win32_1.0.0.201904181610/tools/bin/../lib/gcc/arm-none-eabi/7.3.1/thumb/v7-m/crtbegin.o
 *(.init)
 .init          0x00000000080026c4        0x4 c:/st/stm32cubeide_1.0.0/stm32cubeide/plugins/com.st.stm32cube.ide.mcu.externaltools.gnu-tools-for-stm32.7-2018-q2-update.win32_1.0.0.201904181610/tools/bin/../lib/gcc/arm-none-eabi/7.3.1/thumb/v7-m/crti.o
                0x00000000080026c4                _init
 .init          0x00000000080026c8        0x8 c:/st/stm32cubeide_1.0.0/stm32cubeide/plugins/com.st.stm32cube.ide.mcu.externaltools.gnu-tools-for-stm32.7-2018-q2-update.win32_1.0.0.201904181610/tools/bin/../lib/gcc/arm-none-eabi/7.3.1/thumb/v7-m/crtn.o
 *(.fini)
 .fini          0x00000000080026d0        0x4 c:/st/stm32cubeide_1.0.0/stm32cubeide/plugins/com.st.stm32cube.ide.mcu.externaltools.gnu-tools-for-stm32.7-2018-q2-update.win32_1.0.0.201904181610/tools/bin/../lib/gcc/arm-none-eabi/7.3.1/thumb/v7-m/crti.o
                0x00000000080026d0                _fini
 .fini          0x00000000080026d4        0x8 c:/st/stm32cubeide_1.0.0/stm32cubeide/plugins/com.st.stm32cube.ide.mcu.externaltools.gnu-tools-for-stm32.7-2018-q2-update.win32_1.0.0.201904181610/tools/bin/../lib/gcc/arm-none-eabi/7.3.1/thumb/v7-m/crtn.o
                0x00000000080026dc                . = ALIGN (0x4)
                0x00000000080026dc                _etext = .

.vfp11_veneer   0x00000000080026dc        0x0
 .vfp11_veneer  0x00000000080026dc        0x0 linker stubs

.v4_bx          0x00000000080026dc        0x0
 .v4_bx         0x00000000080026dc        0x0 linker stubs

.iplt           0x00000000080026dc        0x0
 .iplt          0x00000000080026dc        0x0 c:/st/stm32cubeide_1.0.0/stm32cubeide/plugins/com.st.stm32cube.ide.mcu.externaltools.gnu-tools-for-stm32.7-2018-q2-update.win32_1.0.0.201904181610/tools/bin/../lib/gcc/arm-none-eabi/7.3.1/thumb/v7-m/crtbegin.o

.rodata         0x00000000080026dc       0x2c
                0x00000000080026dc                . = ALIGN (0x4)
 *(.rodata)
 .rodata        0x00000000080026dc       0x12 Drivers/STM32F1xx_HAL_Driver/Src/stm32f1xx_hal_rcc.o
 *(.rodata*)
 *fill*         0x00000000080026ee        0x2 
 .rodata.AHBPrescTable
                0x00000000080026f0       0x10 Core/Src/system_stm32f1xx.o
                0x00000000080026f0                AHBPrescTable
 .rodata.APBPrescTable
                0x0000000008002700        0x8 Core/Src/system_stm32f1xx.o
                0x0000000008002700                APBPrescTable
                0x0000000008002708                . = ALIGN (0x4)

.rel.dyn        0x0000000008002708        0x0
 .rel.iplt      0x0000000008002708        0x0 c:/st/stm32cubeide_1.0.0/stm32cubeide/plugins/com.st.stm32cube.ide.mcu.externaltools.gnu-tools-for-stm32.7-2018-q2-update.win32_1.0.0.201904181610/tools/bin/../lib/gcc/arm-none-eabi/7.3.1/thumb/v7-m/crtbegin.o

.ARM.extab      0x0000000008002708        0x0
                0x0000000008002708                . = ALIGN (0x4)
 *(.ARM.extab* .gnu.linkonce.armextab.*)
                0x0000000008002708                . = ALIGN (0x4)

.ARM            0x0000000008002708        0x0
                0x0000000008002708                . = ALIGN (0x4)
                0x0000000008002708                __exidx_start = .
 *(.ARM.exidx*)
                0x0000000008002708                __exidx_end = .
                0x0000000008002708                . = ALIGN (0x4)

.preinit_array  0x0000000008002708        0x0
                0x0000000008002708                . = ALIGN (0x4)
                0x0000000008002708                PROVIDE (__preinit_array_start = .)
 *(.preinit_array*)
                0x0000000008002708                PROVIDE (__preinit_array_end = .)
                0x0000000008002708                . = ALIGN (0x4)

.init_array     0x0000000008002708        0x4
                0x0000000008002708                . = ALIGN (0x4)
                0x0000000008002708                PROVIDE (__init_array_start = .)
 *(SORT_BY_NAME(.init_array.*))
 *(.init_array*)
 .init_array    0x0000000008002708        0x4 c:/st/stm32cubeide_1.0.0/stm32cubeide/plugins/com.st.stm32cube.ide.mcu.externaltools.gnu-tools-for-stm32.7-2018-q2-update.win32_1.0.0.201904181610/tools/bin/../lib/gcc/arm-none-eabi/7.3.1/thumb/v7-m/crtbegin.o
                0x000000000800270c                PROVIDE (__init_array_end = .)
                0x000000000800270c                . = ALIGN (0x4)

.fini_array     0x000000000800270c        0x4
                0x000000000800270c                . = ALIGN (0x4)
                [!provide]                        PROVIDE (__fini_array_start = .)
 *(SORT_BY_NAME(.fini_array.*))
 *(.fini_array*)
 .fini_array    0x000000000800270c        0x4 c:/st/stm32cubeide_1.0.0/stm32cubeide/plugins/com.st.stm32cube.ide.mcu.externaltools.gnu-tools-for-stm32.7-2018-q2-update.win32_1.0.0.201904181610/tools/bin/../lib/gcc/arm-none-eabi/7.3.1/thumb/v7-m/crtbegin.o
                [!provide]                        PROVIDE (__fini_array_end = .)
                0x0000000008002710                . = ALIGN (0x4)
                0x0000000008002710                _sidata = LOADADDR (.data)

.data           0x0000000020000000        0xc load address 0x0000000008002710
                0x0000000020000000                . = ALIGN (0x4)
                0x0000000020000000                _sdata = .
 *(.data)
 *(.data*)
 .data.SystemCoreClock
                0x0000000020000000        0x4 Core/Src/system_stm32f1xx.o
                0x0000000020000000                SystemCoreClock
 .data.uwTickPrio
                0x0000000020000004        0x4 Drivers/STM32F1xx_HAL_Driver/Src/stm32f1xx_hal.o
                0x0000000020000004                uwTickPrio
 .data.uwTickFreq
                0x0000000020000008        0x1 Drivers/STM32F1xx_HAL_Driver/Src/stm32f1xx_hal.o
                0x0000000020000008                uwTickFreq
                0x000000002000000c                . = ALIGN (0x4)
 *fill*         0x0000000020000009        0x3 
                0x000000002000000c                _edata = .

.igot.plt       0x000000002000000c        0x0 load address 0x000000000800271c
 .igot.plt      0x000000002000000c        0x0 c:/st/stm32cubeide_1.0.0/stm32cubeide/plugins/com.st.stm32cube.ide.mcu.externaltools.gnu-tools-for-stm32.7-2018-q2-update.win32_1.0.0.201904181610/tools/bin/../lib/gcc/arm-none-eabi/7.3.1/thumb/v7-m/crtbegin.o
                0x000000002000000c                . = ALIGN (0x4)

.bss            0x000000002000000c       0xb4 load address 0x000000000800271c
                0x000000002000000c                _sbss = .
                0x000000002000000c                __bss_start__ = _sbss
 *(.bss)
 .bss           0x000000002000000c       0x1c c:/st/stm32cubeide_1.0.0/stm32cubeide/plugins/com.st.stm32cube.ide.mcu.externaltools.gnu-tools-for-stm32.7-2018-q2-update.win32_1.0.0.201904181610/tools/bin/../lib/gcc/arm-none-eabi/7.3.1/thumb/v7-m/crtbegin.o
 *(.bss*)
 *(COMMON)
 COMMON         0x0000000020000028       0x94 Core/Src/main.o
                0x0000000020000028                hi2c1
                0x000000002000007c                huart2
 COMMON         0x00000000200000bc        0x4 Drivers/STM32F1xx_HAL_Driver/Src/stm32f1xx_hal.o
                0x00000000200000bc                uwTick
                0x00000000200000c0                . = ALIGN (0x4)
                0x00000000200000c0                _ebss = .
                0x00000000200000c0                __bss_end__ = _ebss

._user_heap_stack
                0x00000000200000c0      0x600 load address 0x000000000800271c
                0x00000000200000c0                . = ALIGN (0x8)
                0x00000000200000c0                PROVIDE (end = .)
                [!provide]                        PROVIDE (_end = .)
                0x00000000200002c0                . = (. + _Min_Heap_Size)
 *fill*         0x00000000200000c0      0x200 
                0x00000000200006c0                . = (. + _Min_Stack_Size)
 *fill*         0x00000000200002c0      0x400 
                0x00000000200006c0                . = ALIGN (0x8)

/DISCARD/
 libc.a(*)
 libm.a(*)
 libgcc.a(*)

.ARM.attributes
                0x0000000000000000       0x29
 *(.ARM.attributes)
 .ARM.attributes
                0x0000000000000000       0x1d c:/st/stm32cubeide_1.0.0/stm32cubeide/plugins/com.st.stm32cube.ide.mcu.externaltools.gnu-tools-for-stm32.7-2018-q2-update.win32_1.0.0.201904181610/tools/bin/../lib/gcc/arm-none-eabi/7.3.1/thumb/v7-m/crti.o
 .ARM.attributes
                0x000000000000001d       0x2d c:/st/stm32cubeide_1.0.0/stm32cubeide/plugins/com.st.stm32cube.ide.mcu.externaltools.gnu-tools-for-stm32.7-2018-q2-update.win32_1.0.0.201904181610/tools/bin/../lib/gcc/arm-none-eabi/7.3.1/thumb/v7-m/crtbegin.o
 .ARM.attributes
                0x000000000000004a       0x33 Core/Src/TSL2561.o
 .ARM.attributes
                0x000000000000007d       0x33 Core/Src/main.o
 .ARM.attributes
                0x00000000000000b0       0x33 Core/Src/stm32f1xx_hal_msp.o
 .ARM.attributes
                0x00000000000000e3       0x33 Core/Src/stm32f1xx_it.o
 .ARM.attributes
                0x0000000000000116       0x33 Core/Src/system_stm32f1xx.o
 .ARM.attributes
                0x0000000000000149       0x33 Drivers/STM32F1xx_HAL_Driver/Src/stm32f1xx_hal.o
 .ARM.attributes
                0x000000000000017c       0x33 Drivers/STM32F1xx_HAL_Driver/Src/stm32f1xx_hal_cortex.o
 .ARM.attributes
                0x00000000000001af       0x33 Drivers/STM32F1xx_HAL_Driver/Src/stm32f1xx_hal_gpio.o
 .ARM.attributes
                0x00000000000001e2       0x33 Drivers/STM32F1xx_HAL_Driver/Src/stm32f1xx_hal_i2c.o
 .ARM.attributes
                0x0000000000000215       0x33 Drivers/STM32F1xx_HAL_Driver/Src/stm32f1xx_hal_rcc.o
 .ARM.attributes
                0x0000000000000248       0x33 Drivers/STM32F1xx_HAL_Driver/Src/stm32f1xx_hal_uart.o
 .ARM.attributes
                0x000000000000027b       0x21 Startup/startup_stm32f103rbtx.o
 .ARM.attributes
                0x000000000000029c       0x2d c:/st/stm32cubeide_1.0.0/stm32cubeide/plugins/com.st.stm32cube.ide.mcu.externaltools.gnu-tools-for-stm32.7-2018-q2-update.win32_1.0.0.201904181610/tools/bin/../lib/gcc/arm-none-eabi/7.3.1/../../../../arm-none-eabi/lib/thumb/v7-m\libc_nano.a(lib_a-init.o)
 .ARM.attributes
                0x00000000000002c9       0x2d c:/st/stm32cubeide_1.0.0/stm32cubeide/plugins/com.st.stm32cube.ide.mcu.externaltools.gnu-tools-for-stm32.7-2018-q2-update.win32_1.0.0.201904181610/tools/bin/../lib/gcc/arm-none-eabi/7.3.1/../../../../arm-none-eabi/lib/thumb/v7-m\libc_nano.a(lib_a-memset.o)
 .ARM.attributes
                0x00000000000002f6       0x1d c:/st/stm32cubeide_1.0.0/stm32cubeide/plugins/com.st.stm32cube.ide.mcu.externaltools.gnu-tools-for-stm32.7-2018-q2-update.win32_1.0.0.201904181610/tools/bin/../lib/gcc/arm-none-eabi/7.3.1/thumb/v7-m/crtn.o
OUTPUT(TSL2561_DigitalLightSensor_HAL.elf elf32-littlearm)

.debug_info     0x0000000000000000     0xf123
 .debug_info    0x0000000000000000      0xf0d Core/Src/TSL2561.o
 .debug_info    0x0000000000000f0d     0x150c Core/Src/main.o
 .debug_info    0x0000000000002419     0x1348 Core/Src/stm32f1xx_hal_msp.o
 .debug_info    0x0000000000003761      0xed1 Core/Src/stm32f1xx_it.o
 .debug_info    0x0000000000004632     0x10f8 Core/Src/system_stm32f1xx.o
 .debug_info    0x000000000000572a     0x13a9 Drivers/STM32F1xx_HAL_Driver/Src/stm32f1xx_hal.o
 .debug_info    0x0000000000006ad3     0x17f7 Drivers/STM32F1xx_HAL_Driver/Src/stm32f1xx_hal_cortex.o
 .debug_info    0x00000000000082ca     0x1346 Drivers/STM32F1xx_HAL_Driver/Src/stm32f1xx_hal_gpio.o
 .debug_info    0x0000000000009610     0x29ca Drivers/STM32F1xx_HAL_Driver/Src/stm32f1xx_hal_i2c.o
 .debug_info    0x000000000000bfda     0x14c2 Drivers/STM32F1xx_HAL_Driver/Src/stm32f1xx_hal_rcc.o
 .debug_info    0x000000000000d49c     0x1c65 Drivers/STM32F1xx_HAL_Driver/Src/stm32f1xx_hal_uart.o
 .debug_info    0x000000000000f101       0x22 Startup/startup_stm32f103rbtx.o

.debug_abbrev   0x0000000000000000     0x1ab1
 .debug_abbrev  0x0000000000000000      0x1f6 Core/Src/TSL2561.o
 .debug_abbrev  0x00000000000001f6      0x24e Core/Src/main.o
 .debug_abbrev  0x0000000000000444      0x1ee Core/Src/stm32f1xx_hal_msp.o
 .debug_abbrev  0x0000000000000632      0x1ba Core/Src/stm32f1xx_it.o
 .debug_abbrev  0x00000000000007ec      0x1f0 Core/Src/system_stm32f1xx.o
 .debug_abbrev  0x00000000000009dc      0x2bd Drivers/STM32F1xx_HAL_Driver/Src/stm32f1xx_hal.o
 .debug_abbrev  0x0000000000000c99      0x36d Drivers/STM32F1xx_HAL_Driver/Src/stm32f1xx_hal_cortex.o
 .debug_abbrev  0x0000000000001006      0x251 Drivers/STM32F1xx_HAL_Driver/Src/stm32f1xx_hal_gpio.o
 .debug_abbrev  0x0000000000001257      0x2aa Drivers/STM32F1xx_HAL_Driver/Src/stm32f1xx_hal_i2c.o
 .debug_abbrev  0x0000000000001501      0x2eb Drivers/STM32F1xx_HAL_Driver/Src/stm32f1xx_hal_rcc.o
 .debug_abbrev  0x00000000000017ec      0x2b3 Drivers/STM32F1xx_HAL_Driver/Src/stm32f1xx_hal_uart.o
 .debug_abbrev  0x0000000000001a9f       0x12 Startup/startup_stm32f103rbtx.o

.debug_aranges  0x0000000000000000      0x860
 .debug_aranges
                0x0000000000000000       0x30 Core/Src/TSL2561.o
 .debug_aranges
                0x0000000000000030       0x48 Core/Src/main.o
 .debug_aranges
                0x0000000000000078       0x40 Core/Src/stm32f1xx_hal_msp.o
 .debug_aranges
                0x00000000000000b8       0x68 Core/Src/stm32f1xx_it.o
 .debug_aranges
                0x0000000000000120       0x28 Core/Src/system_stm32f1xx.o
 .debug_aranges
                0x0000000000000148       0xd0 Drivers/STM32F1xx_HAL_Driver/Src/stm32f1xx_hal.o
 .debug_aranges
                0x0000000000000218      0x100 Drivers/STM32F1xx_HAL_Driver/Src/stm32f1xx_hal_cortex.o
 .debug_aranges
                0x0000000000000318       0x58 Drivers/STM32F1xx_HAL_Driver/Src/stm32f1xx_hal_gpio.o
 .debug_aranges
                0x0000000000000370      0x268 Drivers/STM32F1xx_HAL_Driver/Src/stm32f1xx_hal_i2c.o
 .debug_aranges
                0x00000000000005d8       0x90 Drivers/STM32F1xx_HAL_Driver/Src/stm32f1xx_hal_rcc.o
 .debug_aranges
                0x0000000000000668      0x1d0 Drivers/STM32F1xx_HAL_Driver/Src/stm32f1xx_hal_uart.o
 .debug_aranges
                0x0000000000000838       0x28 Startup/startup_stm32f103rbtx.o

.debug_ranges   0x0000000000000000      0x7a8
 .debug_ranges  0x0000000000000000       0x20 Core/Src/TSL2561.o
 .debug_ranges  0x0000000000000020       0x38 Core/Src/main.o
 .debug_ranges  0x0000000000000058       0x30 Core/Src/stm32f1xx_hal_msp.o
 .debug_ranges  0x0000000000000088       0x58 Core/Src/stm32f1xx_it.o
 .debug_ranges  0x00000000000000e0       0x18 Core/Src/system_stm32f1xx.o
 .debug_ranges  0x00000000000000f8       0xc0 Drivers/STM32F1xx_HAL_Driver/Src/stm32f1xx_hal.o
 .debug_ranges  0x00000000000001b8       0xf0 Drivers/STM32F1xx_HAL_Driver/Src/stm32f1xx_hal_cortex.o
 .debug_ranges  0x00000000000002a8       0x48 Drivers/STM32F1xx_HAL_Driver/Src/stm32f1xx_hal_gpio.o
 .debug_ranges  0x00000000000002f0      0x258 Drivers/STM32F1xx_HAL_Driver/Src/stm32f1xx_hal_i2c.o
 .debug_ranges  0x0000000000000548       0x80 Drivers/STM32F1xx_HAL_Driver/Src/stm32f1xx_hal_rcc.o
 .debug_ranges  0x00000000000005c8      0x1c0 Drivers/STM32F1xx_HAL_Driver/Src/stm32f1xx_hal_uart.o
 .debug_ranges  0x0000000000000788       0x20 Startup/startup_stm32f103rbtx.o

.debug_macro    0x0000000000000000    0x14f84
 .debug_macro   0x0000000000000000      0x31c Core/Src/TSL2561.o
 .debug_macro   0x000000000000031c      0xa5a Core/Src/TSL2561.o
 .debug_macro   0x0000000000000d76       0x22 Core/Src/TSL2561.o
 .debug_macro   0x0000000000000d98       0x40 Core/Src/TSL2561.o
 .debug_macro   0x0000000000000dd8       0x18 Core/Src/TSL2561.o
 .debug_macro   0x0000000000000df0       0x94 Core/Src/TSL2561.o
 .debug_macro   0x0000000000000e84       0x3c Core/Src/TSL2561.o
 .debug_macro   0x0000000000000ec0       0x34 Core/Src/TSL2561.o
 .debug_macro   0x0000000000000ef4      0x174 Core/Src/TSL2561.o
 .debug_macro   0x0000000000001068       0x57 Core/Src/TSL2561.o
 .debug_macro   0x00000000000010bf       0x52 Core/Src/TSL2561.o
 .debug_macro   0x0000000000001111       0x1f Core/Src/TSL2561.o
 .debug_macro   0x0000000000001130       0x43 Core/Src/TSL2561.o
 .debug_macro   0x0000000000001173       0x20 Core/Src/TSL2561.o
 .debug_macro   0x0000000000001193      0x1a3 Core/Src/TSL2561.o
 .debug_macro   0x0000000000001336      0x330 Core/Src/TSL2561.o
 .debug_macro   0x0000000000001666       0x10 Core/Src/TSL2561.o
 .debug_macro   0x0000000000001676       0x35 Core/Src/TSL2561.o
 .debug_macro   0x00000000000016ab       0x20 Core/Src/TSL2561.o
 .debug_macro   0x00000000000016cb      0x16f Core/Src/TSL2561.o
 .debug_macro   0x000000000000183a       0x2e Core/Src/TSL2561.o
 .debug_macro   0x0000000000001868       0x22 Core/Src/TSL2561.o
 .debug_macro   0x000000000000188a       0xef Core/Src/TSL2561.o
 .debug_macro   0x0000000000001979       0x6a Core/Src/TSL2561.o
 .debug_macro   0x00000000000019e3      0x1df Core/Src/TSL2561.o
 .debug_macro   0x0000000000001bc2       0x34 Core/Src/TSL2561.o
 .debug_macro   0x0000000000001bf6       0x34 Core/Src/TSL2561.o
 .debug_macro   0x0000000000001c2a      0xb8e Core/Src/TSL2561.o
 .debug_macro   0x00000000000027b8     0xe911 Core/Src/TSL2561.o
 .debug_macro   0x00000000000110c9       0x43 Core/Src/TSL2561.o
 .debug_macro   0x000000000001110c       0x1c Core/Src/TSL2561.o
 .debug_macro   0x0000000000011128       0x10 Core/Src/TSL2561.o
 .debug_macro   0x0000000000011138       0x10 Core/Src/TSL2561.o
 .debug_macro   0x0000000000011148       0x1c Core/Src/TSL2561.o
 .debug_macro   0x0000000000011164       0x52 Core/Src/TSL2561.o
 .debug_macro   0x00000000000111b6       0x40 Core/Src/TSL2561.o
 .debug_macro   0x00000000000111f6       0x10 Core/Src/TSL2561.o
 .debug_macro   0x0000000000011206       0x40 Core/Src/TSL2561.o
 .debug_macro   0x0000000000011246       0xd7 Core/Src/TSL2561.o
 .debug_macro   0x000000000001131d       0x1c Core/Src/TSL2561.o
 .debug_macro   0x0000000000011339       0x3d Core/Src/TSL2561.o
 .debug_macro   0x0000000000011376       0x16 Core/Src/TSL2561.o
 .debug_macro   0x000000000001138c      0x145 Core/Src/TSL2561.o
 .debug_macro   0x00000000000114d1       0x57 Core/Src/TSL2561.o
 .debug_macro   0x0000000000011528      0x5c2 Core/Src/TSL2561.o
 .debug_macro   0x0000000000011aea      0x28a Core/Src/TSL2561.o
 .debug_macro   0x0000000000011d74      0x1cb Core/Src/TSL2561.o
 .debug_macro   0x0000000000011f3f      0x11e Core/Src/TSL2561.o
 .debug_macro   0x000000000001205d      0x1b3 Core/Src/TSL2561.o
 .debug_macro   0x0000000000012210       0x27 Core/Src/TSL2561.o
 .debug_macro   0x0000000000012237      0x1bc Core/Src/TSL2561.o
 .debug_macro   0x00000000000123f3       0x34 Core/Src/TSL2561.o
 .debug_macro   0x0000000000012427       0x3c Core/Src/TSL2561.o
 .debug_macro   0x0000000000012463       0x57 Core/Src/TSL2561.o
 .debug_macro   0x00000000000124ba       0x8c Core/Src/TSL2561.o
 .debug_macro   0x0000000000012546      0x242 Core/Src/TSL2561.o
 .debug_macro   0x0000000000012788      0x264 Core/Src/TSL2561.o
 .debug_macro   0x00000000000129ec      0x143 Core/Src/TSL2561.o
 .debug_macro   0x0000000000012b2f      0x26b Core/Src/TSL2561.o
 .debug_macro   0x0000000000012d9a       0x83 Core/Src/TSL2561.o
 .debug_macro   0x0000000000012e1d       0x5e Core/Src/TSL2561.o
 .debug_macro   0x0000000000012e7b       0x82 Core/Src/TSL2561.o
 .debug_macro   0x0000000000012efd      0x2f2 Core/Src/main.o
 .debug_macro   0x00000000000131ef       0x8e Core/Src/main.o
 .debug_macro   0x000000000001327d       0x51 Core/Src/main.o
 .debug_macro   0x00000000000132ce       0x46 Core/Src/main.o
 .debug_macro   0x0000000000013314       0x16 Core/Src/main.o
 .debug_macro   0x000000000001332a       0x97 Core/Src/main.o
 .debug_macro   0x00000000000133c1       0xfd Core/Src/main.o
 .debug_macro   0x00000000000134be      0x2e9 Core/Src/stm32f1xx_hal_msp.o
 .debug_macro   0x00000000000137a7      0x2f3 Core/Src/stm32f1xx_it.o
 .debug_macro   0x0000000000013a9a      0x2e0 Core/Src/system_stm32f1xx.o
 .debug_macro   0x0000000000013d7a      0x2fe Drivers/STM32F1xx_HAL_Driver/Src/stm32f1xx_hal.o
 .debug_macro   0x0000000000014078      0x2da Drivers/STM32F1xx_HAL_Driver/Src/stm32f1xx_hal_cortex.o
 .debug_macro   0x0000000000014352      0x34a Drivers/STM32F1xx_HAL_Driver/Src/stm32f1xx_hal_gpio.o
 .debug_macro   0x000000000001469c      0x321 Drivers/STM32F1xx_HAL_Driver/Src/stm32f1xx_hal_i2c.o
 .debug_macro   0x00000000000149bd      0x2ec Drivers/STM32F1xx_HAL_Driver/Src/stm32f1xx_hal_rcc.o
 .debug_macro   0x0000000000014ca9      0x2db Drivers/STM32F1xx_HAL_Driver/Src/stm32f1xx_hal_uart.o

.debug_line     0x0000000000000000     0x7b6b
 .debug_line    0x0000000000000000      0x862 Core/Src/TSL2561.o
 .debug_line    0x0000000000000862      0x86c Core/Src/main.o
 .debug_line    0x00000000000010ce      0x830 Core/Src/stm32f1xx_hal_msp.o
 .debug_line    0x00000000000018fe      0x88b Core/Src/stm32f1xx_it.o
 .debug_line    0x0000000000002189      0x806 Core/Src/system_stm32f1xx.o
 .debug_line    0x000000000000298f      0x98b Drivers/STM32F1xx_HAL_Driver/Src/stm32f1xx_hal.o
 .debug_line    0x000000000000331a      0xa79 Drivers/STM32F1xx_HAL_Driver/Src/stm32f1xx_hal_cortex.o
 .debug_line    0x0000000000003d93      0x9c3 Drivers/STM32F1xx_HAL_Driver/Src/stm32f1xx_hal_gpio.o
 .debug_line    0x0000000000004756     0x1885 Drivers/STM32F1xx_HAL_Driver/Src/stm32f1xx_hal_i2c.o
 .debug_line    0x0000000000005fdb      0xa75 Drivers/STM32F1xx_HAL_Driver/Src/stm32f1xx_hal_rcc.o
 .debug_line    0x0000000000006a50     0x109c Drivers/STM32F1xx_HAL_Driver/Src/stm32f1xx_hal_uart.o
 .debug_line    0x0000000000007aec       0x7f Startup/startup_stm32f103rbtx.o

.debug_str      0x0000000000000000    0x6d497
 .debug_str     0x0000000000000000    0x6b0e7 Core/Src/TSL2561.o
                                      0x6b457 (size before relaxing)
 .debug_str     0x000000000006b0e7      0x5ff Core/Src/main.o
                                      0x6b9fe (size before relaxing)
 .debug_str     0x000000000006b6e6       0xab Core/Src/stm32f1xx_hal_msp.o
                                      0x6b441 (size before relaxing)
 .debug_str     0x000000000006b791       0xd2 Core/Src/stm32f1xx_it.o
                                      0x6b252 (size before relaxing)
 .debug_str     0x000000000006b863       0xc2 Core/Src/system_stm32f1xx.o
                                      0x6b145 (size before relaxing)
 .debug_str     0x000000000006b925      0x3a9 Drivers/STM32F1xx_HAL_Driver/Src/stm32f1xx_hal.o
                                      0x6b73a (size before relaxing)
 .debug_str     0x000000000006bcce      0x2c8 Drivers/STM32F1xx_HAL_Driver/Src/stm32f1xx_hal_cortex.o
                                      0x6b745 (size before relaxing)
 .debug_str     0x000000000006bf96      0x32b Drivers/STM32F1xx_HAL_Driver/Src/stm32f1xx_hal_gpio.o
                                      0x6b47c (size before relaxing)
 .debug_str     0x000000000006c2c1      0xa50 Drivers/STM32F1xx_HAL_Driver/Src/stm32f1xx_hal_i2c.o
                                      0x6bb21 (size before relaxing)
 .debug_str     0x000000000006cd11      0x24d Drivers/STM32F1xx_HAL_Driver/Src/stm32f1xx_hal_rcc.o
                                      0x6b4aa (size before relaxing)
 .debug_str     0x000000000006cf5e      0x508 Drivers/STM32F1xx_HAL_Driver/Src/stm32f1xx_hal_uart.o
                                      0x6b7a4 (size before relaxing)
 .debug_str     0x000000000006d466       0x31 Startup/startup_stm32f103rbtx.o
                                         0x9b (size before relaxing)

.comment        0x0000000000000000       0x7b
 .comment       0x0000000000000000       0x7b Core/Src/TSL2561.o
                                         0x7c (size before relaxing)
 .comment       0x000000000000007b       0x7c Core/Src/main.o
 .comment       0x000000000000007b       0x7c Core/Src/stm32f1xx_hal_msp.o
 .comment       0x000000000000007b       0x7c Core/Src/stm32f1xx_it.o
 .comment       0x000000000000007b       0x7c Core/Src/system_stm32f1xx.o
 .comment       0x000000000000007b       0x7c Drivers/STM32F1xx_HAL_Driver/Src/stm32f1xx_hal.o
 .comment       0x000000000000007b       0x7c Drivers/STM32F1xx_HAL_Driver/Src/stm32f1xx_hal_cortex.o
 .comment       0x000000000000007b       0x7c Drivers/STM32F1xx_HAL_Driver/Src/stm32f1xx_hal_gpio.o
 .comment       0x000000000000007b       0x7c Drivers/STM32F1xx_HAL_Driver/Src/stm32f1xx_hal_i2c.o
 .comment       0x000000000000007b       0x7c Drivers/STM32F1xx_HAL_Driver/Src/stm32f1xx_hal_rcc.o
 .comment       0x000000000000007b       0x7c Drivers/STM32F1xx_HAL_Driver/Src/stm32f1xx_hal_uart.o

.debug_frame    0x0000000000000000     0x21e0
 .debug_frame   0x0000000000000000       0x88 Core/Src/TSL2561.o
 .debug_frame   0x0000000000000088       0xcc Core/Src/main.o
 .debug_frame   0x0000000000000154       0xc8 Core/Src/stm32f1xx_hal_msp.o
 .debug_frame   0x000000000000021c      0x128 Core/Src/stm32f1xx_it.o
 .debug_frame   0x0000000000000344       0x58 Core/Src/system_stm32f1xx.o
 .debug_frame   0x000000000000039c      0x2fc Drivers/STM32F1xx_HAL_Driver/Src/stm32f1xx_hal.o
 .debug_frame   0x0000000000000698      0x428 Drivers/STM32F1xx_HAL_Driver/Src/stm32f1xx_hal_cortex.o
 .debug_frame   0x0000000000000ac0      0x14c Drivers/STM32F1xx_HAL_Driver/Src/stm32f1xx_hal_gpio.o
 .debug_frame   0x0000000000000c0c      0xb30 Drivers/STM32F1xx_HAL_Driver/Src/stm32f1xx_hal_i2c.o
 .debug_frame   0x000000000000173c      0x21c Drivers/STM32F1xx_HAL_Driver/Src/stm32f1xx_hal_rcc.o
 .debug_frame   0x0000000000001958      0x83c Drivers/STM32F1xx_HAL_Driver/Src/stm32f1xx_hal_uart.o
 .debug_frame   0x0000000000002194       0x2c c:/st/stm32cubeide_1.0.0/stm32cubeide/plugins/com.st.stm32cube.ide.mcu.externaltools.gnu-tools-for-stm32.7-2018-q2-update.win32_1.0.0.201904181610/tools/bin/../lib/gcc/arm-none-eabi/7.3.1/../../../../arm-none-eabi/lib/thumb/v7-m\libc_nano.a(lib_a-init.o)
 .debug_frame   0x00000000000021c0       0x20 c:/st/stm32cubeide_1.0.0/stm32cubeide/plugins/com.st.stm32cube.ide.mcu.externaltools.gnu-tools-for-stm32.7-2018-q2-update.win32_1.0.0.201904181610/tools/bin/../lib/gcc/arm-none-eabi/7.3.1/../../../../arm-none-eabi/lib/thumb/v7-m\libc_nano.a(lib_a-memset.o)
