11:42:42 **** Incremental Build of configuration Debug for project TSL2561_DigitalLightSensor_HAL ****
make -j4 all 
arm-none-eabi-gcc "../Core/Src/TSL2561.c" -mcpu=cortex-m3 -std=gnu11 -g3 -DUSE_HAL_DRIVER -DSTM32F103xB -DDEBUG -c -I../Inc -I../Drivers/CMSIS/Device/ST/STM32F1xx/Include -I../Drivers/CMSIS/Include -I../Core/Inc -I../Drivers/STM32F1xx_HAL_Driver/Inc/Legacy -I../Drivers/STM32F1xx_HAL_Driver/Inc -O0 -ffunction-sections -fdata-sections -Wall -fstack-usage -MMD -MP -MF"Core/Src/TSL2561.d" -MT"Core/Src/TSL2561.o" --specs=nano.specs -mfloat-abi=soft -mthumb -o "Core/Src/TSL2561.o"
../Core/Src/TSL2561.c: In function 'TSL2561_calculateLux':
../Core/Src/TSL2561.c:164:10: warning: variable 'error' set but not used [-Wunused-but-set-variable]
  uint8_t error = 0;
          ^~~~~
../Core/Src/TSL2561.c:193:1: warning: no return statement in function returning non-void [-Wreturn-type]
 }
 ^
arm-none-eabi-gcc -o "TSL2561_DigitalLightSensor_HAL.elf" @"objects.list"   -mcpu=cortex-m3 -T"C:\Users\erhan\github\Drivers\TSL2561_DigitalLightSensor\STM32F1_HAL\TSL2561_DigitalLightSensor_HAL\STM32F103RBTX_FLASH.ld" --specs=nosys.specs -Wl,-Map="TSL2561_DigitalLightSensor_HAL.map" -Wl,--gc-sections -static --specs=nano.specs -mfloat-abi=soft -mthumb -Wl,--start-group -lc -lm -Wl,--end-group
Finished building target: TSL2561_DigitalLightSensor_HAL.elf
 
arm-none-eabi-objdump -h -S  TSL2561_DigitalLightSensor_HAL.elf  > "TSL2561_DigitalLightSensor_HAL.list"
arm-none-eabi-size   TSL2561_DigitalLightSensor_HAL.elf 
   text	   data	    bss	    dec	    hex	filename
  19284	    124	   1716	  21124	   5284	TSL2561_DigitalLightSensor_HAL.elf
Finished building: default.size.stdout
 
Finished building: TSL2561_DigitalLightSensor_HAL.list
 
11:42:52 **** Incremental Build of configuration Debug for project TSL2561_DigitalLightSensor_HAL ****
make -j4 all 
arm-none-eabi-size   TSL2561_DigitalLightSensor_HAL.elf 
   text	   data	    bss	    dec	    hex	filename
  19284	    124	   1716	  21124	   5284	TSL2561_DigitalLightSensor_HAL.elf
Finished building: default.size.stdout
 
